// Vitest Snapshot v1, https://vitest.dev/guide/snapshot.html

exports[`ServerItemFieldset.svelt > empty 1`] = `
"<div><fieldset aria-label="target list of settings" class="svelte-5be5ha"><div class="row"><label class="checkbox"><input type="checkbox" name="targets" value="player"> <span></span></label> <div><span slot="label">Playback</span></div></div> <div class="row"><div></div> <label class="checkbox"><input type="checkbox" name="targets" value="player.from" aria-label="player.from"> <span></span></label> <div>From / To:
         ---
        </div></div> <div class="row"><div></div> <div><i>unpublished</i></div> <div>Refresh Interval</div></div> <div class="row"><div></div> <div><i>unpublished</i></div> <div>Resolution</div></div> <div class="row"><div></div> <div><i>unpublished</i></div> <div>Repeat</div></div> <div class="row"><label class="checkbox"><input type="checkbox" name="targets" value="android"> <span></span></label> <div><span slot="label">Android Sensors</span></div></div> <div class="row"><div></div> <label class="checkbox"><input type="checkbox" name="targets" value="android.publisher" aria-label="android.publisher"> <span></span></label> <div>Publisher</div></div> <div class="row"><div></div> <div><i>unpublished</i></div> <div>Map</div></div> <div class="row"><div></div> <div><i>unpublished</i></div> <div>LTE Chart</div></div> <div class="row"><div></div> <div><i>unpublished</i></div> <div>Sensors</div></div> <div class="row"><label class="checkbox"><input type="checkbox" name="targets" value="image"> <span></span></label> <div><span slot="label">Raspberry Pi Camera</span></div></div> <div class="row"><div></div> <label class="checkbox"><input type="checkbox" name="targets" value="image.topic" aria-label="image.topic"> <span></span></label> <div>Topic Name</div></div> <div class="row"><div></div> <div><i>unpublished</i></div> <div>Visible</div></div> <div class="row"><div></div> <div><i>unpublished</i></div> <div>Update Method</div></div> <div class="row"><label class="checkbox"><input type="checkbox" name="targets" value="perftool"> <span></span></label> <div><span slot="label">Perftool</span></div></div> <div class="row"><div></div> <label class="checkbox"><input type="checkbox" name="targets" value="perftool.name" aria-label="perftool.name"> <span></span></label> <div>Perftool Name</div></div> <div class="row"><div></div> <div><i>unpublished</i></div> <div>Visible</div></div> <div class="row"><label class="checkbox"><input type="checkbox" name="targets" value="layout"> <span></span></label> <div><span slot="label">Layout</span></div></div> <div class="row"><div></div> <div><i>unpublished</i></div> <div></div></div> <div class="row"><label class="checkbox"><input type="checkbox" name="targets" value="chart"> <span></span></label> <div><span slot="label">Chart</span></div></div> <div class="row"><div></div> <div><i>unpublished</i></div> <div>Line Visible</div></div> <div class="row"><div></div> <div><i>unpublished</i></div> <div>Line Width</div></div> <div class="row"><div></div> <div><i>unpublished</i></div> <div>Point Visible</div></div> <div class="row"><div></div> <div><i>unpublished</i></div> <div>Point Size</div></div> <div class="row"><div></div> <div><i>unpublished</i></div> <div>Minimum Width</div></div> <div class="row"><div></div> <div><i>unpublished</i></div> <div>Minimum Height</div></div></fieldset></div>"
`;

exports[`ServerItemFieldset.svelt > initValues 1`] = `"<div><fieldset aria-label="target list of settings" class="svelte-5be5ha"><input type="checkbox" name="targets" value="player.from"><input type="checkbox" name="targets" value="android"><input type="checkbox" name="targets" value="android.publisher"><input type="checkbox" name="targets" value="image"><input type="checkbox" name="targets" value="image.topic"><input type="checkbox" name="targets" value="perftool"><input type="checkbox" name="targets" value="perftool.name"></fieldset></div>"`;

exports[`ServerItemFieldset.svelt > setting 1`] = `
"<div><fieldset aria-label="target list of settings" class="svelte-5be5ha"><div class="row"><label class="checkbox"><input type="checkbox" name="targets" value="player"> <span></span></label> <div><span slot="label">Playback</span></div></div> <div class="row"><div></div> <label class="checkbox"><input type="checkbox" name="targets" value="player.from" aria-label="player.from"> <span></span></label> <div>From / To:
        "2023-02-01 00:00" ---
        "2023-02-03 14:30"</div></div> <div class="row"><div></div> <div><i>unpublished</i></div> <div>Refresh Interval: 1200</div></div> <div class="row"><div></div> <div><i>unpublished</i></div> <div>Resolution: 10</div></div> <div class="row"><div></div> <div><i>unpublished</i></div> <div>Repeat: false</div></div> <div class="row"><label class="checkbox"><input type="checkbox" name="targets" value="android"> <span></span></label> <div><span slot="label">Android Sensors</span></div></div> <div class="row"><div></div> <label class="checkbox"><input type="checkbox" name="targets" value="android.publisher" aria-label="android.publisher"> <span></span></label> <div>Publisher: "pub-1"</div></div> <div class="row"><div></div> <div><i>unpublished</i></div> <div>Map: true</div></div> <div class="row"><div></div> <div><i>unpublished</i></div> <div>LTE Chart: true</div></div> <div class="row"><div></div> <div><i>unpublished</i></div> <div>Sensors: []</div></div> <div class="row"><label class="checkbox"><input type="checkbox" name="targets" value="image"> <span></span></label> <div><span slot="label">Raspberry Pi Camera</span></div></div> <div class="row"><div></div> <label class="checkbox"><input type="checkbox" name="targets" value="image.topic" aria-label="image.topic"> <span></span></label> <div>Topic Name: "topic-1"</div></div> <div class="row"><div></div> <div><i>unpublished</i></div> <div>Visible: true</div></div> <div class="row"><div></div> <div><i>unpublished</i></div> <div>Update Method: "push"</div></div> <div class="row"><label class="checkbox"><input type="checkbox" name="targets" value="perftool"> <span></span></label> <div><span slot="label">Perftool</span></div></div> <div class="row"><div></div> <label class="checkbox"><input type="checkbox" name="targets" value="perftool.name" aria-label="perftool.name"> <span></span></label> <div>Perftool Name: "perf-1"</div></div> <div class="row"><div></div> <div><i>unpublished</i></div> <div>Visible: true</div></div> <div class="row"><label class="checkbox"><input type="checkbox" name="targets" value="layout"> <span></span></label> <div><span slot="label">Layout</span></div></div> <div class="row"><div></div> <div><i>unpublished</i></div> <div><span><table border="1"><tr><td><i>map</i></td> <td><i>image</i></td></tr> <tr><td colspan="2" style="text-align: center;"><i>show_chart</i></td></tr></table></span></div></div> <div class="row"><label class="checkbox"><input type="checkbox" name="targets" value="chart"> <span></span></label> <div><span slot="label">Chart</span></div></div> <div class="row"><div></div> <div><i>unpublished</i></div> <div>Line Visible: true</div></div> <div class="row"><div></div> <div><i>unpublished</i></div> <div>Line Width: 3</div></div> <div class="row"><div></div> <div><i>unpublished</i></div> <div>Point Visible: true</div></div> <div class="row"><div></div> <div><i>unpublished</i></div> <div>Point Size: 3</div></div> <div class="row"><div></div> <div><i>unpublished</i></div> <div>Minimum Width: 300</div></div> <div class="row"><div></div> <div><i>unpublished</i></div> <div>Minimum Height: 200</div></div></fieldset></div>"
`;
